// Jest Snapshot v1, https://goo.gl/fbAQLP

exports[`YTDMetrics returns a linegraph of data 1`] = `
<div>
  <div
    className="soft-double-bottom soft-double-top"
  />
  <div
    className="floating text-dark-primary text-left text-light-primary"
  >
    <h3
      className="floating__item flush"
      style={
        Object {
          "paddingRight": "5px",
        }
      }
    >
      $
    </h3>
    <h1
      className="floating__item flush"
      style={undefined}
    >
      3,422
    </h1>
    <h3
      className="floating__item flush"
    >
      .
      00
    </h3>
  </div>
  <div
    className="text-left"
  >
    <a
      className="text-left"
      onClick={[Function]}
      style={Object {}}
    >
      <h6
        className="soft-top display-inline-block text-light-primary"
      >
        View Your Giving History
      </h6>
      <span
        className="icon-arrow-next soft-half-left text-light-primary"
      />
    </a>
  </div>
</div>
`;
