exports[`Finances renders a layout 1`] = `
<div>
  <Meta
    title="Finances" />
  <div
    className="background--primary text-center text-light-primary soft-double-ends">
    <h3
      className="push-top soft-half-sides">
      Giving to General Fund
    </h3>
    <div
      className="push-half-bottom">
      <div
        className="display-inline-block">
        <Connect(FitTextWithoutData)
          compressor={1.5}
          maxFontSize={18}>
          <Currency
            amount="49221808.98"
            baseHeadingSize="1"
            className="display-inline-block text-center soft-bottom"
            roundCurrency={true}
            style={
              Object {
                "fontWeight": "900",
              }
            }
            theme="light" />
        </Connect(FitTextWithoutData)>
      </div>
    </div>
    <div
      className="floating push-right push-bottom">
      <div
        className="grid floating__item three-quarters@lap-wide-and-up nine-tenths@lap-and-up text-center">
        <div
          className="grid__item one-half@lap-and-up push-half-bottom">
          <div
            className="grid__item one-whole">
            <Progress
              percentDone={1.0009820244522027}
              style={Object {}}
              theme="dark"
              title="Aiken"
              total="492701.46" />
          </div>
        </div>
        <div
          className="grid__item one-half@lap-and-up push-half-bottom">
          <div
            className="grid__item one-whole">
            <Progress
              percentDone={28.47385333947147}
              style={Object {}}
              theme="dark"
              title="Anderson"
              total="14015345.7" />
          </div>
        </div>
        <div
          className="grid__item one-half@lap-and-up push-half-bottom">
          <div
            className="grid__item one-whole">
            <Progress
              percentDone={2.524311775101282}
              style={Object {}}
              theme="dark"
              title="Boiling Springs"
              total="1242511.92" />
          </div>
        </div>
        <div
          className="grid__item one-half@lap-and-up push-half-bottom">
          <div
            className="grid__item one-whole">
            <Progress
              percentDone={0.31622752845846347}
              style={Object {}}
              theme="dark"
              title="Central"
              total="155652.91" />
          </div>
        </div>
        <div
          className="grid__item one-half@lap-and-up push-half-bottom">
          <div
            className="grid__item one-whole">
            <Progress
              percentDone={6.639062150941695}
              style={Object {}}
              theme="dark"
              title="Charleston"
              total="3267866.49" />
          </div>
        </div>
        <div
          className="grid__item one-half@lap-and-up push-half-bottom">
          <div
            className="grid__item one-whole">
            <Progress
              percentDone={2.5045472841132463}
              style={Object {}}
              theme="dark"
              title="Clemson"
              total="1232783.48" />
          </div>
        </div>
        <div
          className="grid__item one-half@lap-and-up push-half-bottom">
          <div
            className="grid__item one-whole">
            <Progress
              percentDone={9.46241667365879}
              style={Object {}}
              theme="dark"
              title="Columbia*"
              total="4657572.66" />
          </div>
        </div>
        <div
          className="grid__item one-half@lap-and-up push-half-bottom">
          <div
            className="grid__item one-whole">
            <Progress
              percentDone={5.865852169661563}
              style={Object {}}
              theme="dark"
              title="Florence"
              total="2887278.55" />
          </div>
        </div>
        <div
          className="grid__item one-half@lap-and-up push-half-bottom">
          <div
            className="grid__item one-whole">
            <Progress
              percentDone={16.491527674853042}
              style={Object {}}
              theme="dark"
              title="Greenville"
              total="8117428.25" />
          </div>
        </div>
        <div
          className="grid__item one-half@lap-and-up push-half-bottom">
          <div
            className="grid__item one-whole">
            <Progress
              percentDone={3.69421605520196}
              style={Object {}}
              theme="dark"
              title="Greenwood"
              total="1818359.97" />
          </div>
        </div>
        <div
          className="grid__item one-half@lap-and-up push-half-bottom">
          <div
            className="grid__item one-whole">
            <Progress
              percentDone={0.7185645495957146}
              style={Object {}}
              theme="dark"
              title="Hilton Head"
              total="353690.47" />
          </div>
        </div>
        <div
          className="grid__item one-half@lap-and-up push-half-bottom">
          <div
            className="grid__item one-whole">
            <Progress
              percentDone={2.5749554643856976}
              style={Object {}}
              theme="dark"
              title="Lexington*"
              total="1267439.66" />
          </div>
        </div>
        <div
          className="grid__item one-half@lap-and-up push-half-bottom">
          <div
            className="grid__item one-whole">
            <Progress
              percentDone={4.702564936084557}
              style={Object {}}
              theme="dark"
              title="Myrtle Beach"
              total="2314687.53" />
          </div>
        </div>
        <div
          className="grid__item one-half@lap-and-up push-half-bottom">
          <div
            className="grid__item one-whole">
            <Progress
              percentDone={1.1299559921212796}
              style={Object {}}
              theme="dark"
              title="Northeast Columbia"
              total="556184.78" />
          </div>
        </div>
        <div
          className="grid__item one-half@lap-and-up push-half-bottom">
          <div
            className="grid__item one-whole">
            <Progress
              percentDone={5.249814083529443}
              style={Object {}}
              theme="dark"
              title="Powdersville"
              total="2584053.46" />
          </div>
        </div>
        <div
          className="grid__item one-half@lap-and-up push-half-bottom">
          <div
            className="grid__item one-whole">
            <Progress
              percentDone={0.9680030861799506}
              style={Object {}}
              theme="dark"
              title="Rock Hill"
              total="476468.63" />
          </div>
        </div>
        <div
          className="grid__item one-half@lap-and-up push-half-bottom">
          <div
            className="grid__item one-whole">
            <Progress
              percentDone={6.350606539613612}
              style={Object {}}
              theme="dark"
              title="Spartanburg"
              total="3125883.42" />
          </div>
        </div>
        <div
          className="grid__item one-half@lap-and-up push-half-bottom">
          <div
            className="grid__item one-whole">
            <Progress
              percentDone={0.5368866676707826}
              style={Object {}}
              theme="dark"
              title="Sumter"
              total="264265.33" />
          </div>
        </div>
        <div
          className="soft-left one-half@lap-and-up push-half-bottom">
          <div
            className="grid__item one-whole">
            <Progress
              percentDone={0.7956520049052451}
              style={Object {}}
              theme="dark"
              title="Web"
              total="391634.31" />
          </div>
        </div>
      </div>
    </div>
    <div
      className="soft-sides">
      <small
        className="text-center">
        <em>
          * This is where the copy for the Columbia & Lexington merger should go.
        </em>
      </small>
    </div>
  </div>
  <div
    className="background--light-primary text-center soft-double-top">
    <h3
      className="push-top push-half-bottom">
      Giving to Step Up
    </h3>
    <em>
      for land and buildings
    </em>
    <div
      className="push-top">
      <Connect(FitTextWithoutData)
        compressor={1}
        maxFontSize={18}>
        <Currency
          amount="1,781,928.15"
          baseHeadingSize="1"
          className="display-inline-block text-center soft-bottom text-dark-primary"
          style={
            Object {
              "fontWeight": "900",
            }
          } />
      </Connect(FitTextWithoutData)>
    </div>
    <div
      className="floating">
      <div
        className="soft-double-sides soft-sides@handheld text-center three-quarters@lap-wide-and-up nine-tenths@lap floating__item">
        <hr
          className="visuallyhidden@handheld push-ends"
          style={
            Object {
              "borderTop": "1px solid #dddddd",
            }
          } />
        <Story
          content="<p>&#34;We gave to the Clemson building campaign because we saw NewSpring\'s impact on our own daughter when she was at college. We\'re excited to see the lives that will be changed in and around Clemson and from all over the world because of the new campus.&#34;</p>"
          heading="Meet givers"
          image="//s3.amazonaws.com/ns.assets/apollos/annual+report/2016/stories/story-img1.png"
          location="Sumter"
          name="Carol and Laurie Brown" />
      </div>
    </div>
  </div>
  <div
    className="one-whole floating text-center background--light-secondary soft-sides soft-double-ends">
    <div
      className="grid three-quarters@lap-wide-and-up floating__item push-ends">
      <div
        className="grid__item one-half@lap-and-up one-whole">
        <h3
          className="italic"
          style={
            Object {
              "fontFamily": "ff-meta-serif-web-pro, serif",
            }
          }>
          We had
        </h3>
        <Connect(FitTextWithoutData)
          compressor={0.5}>
          <h1
            className="uppercase flush-bottom soft-half-bottom"
            style={
              Object {
                "fontWeight": "900",
              }
            }>
            5,400
          </h1>
        </Connect(FitTextWithoutData)>
        <h3>
          First time givers
        </h3>
      </div>
      <div
        className="grid__item one-half@lap-and-up">
        <h3
          className="italic"
          style={
            Object {
              "fontFamily": "ff-meta-serif-web-pro, serif",
            }
          }>
          and
        </h3>
        <Connect(FitTextWithoutData)
          compressor={0.5}>
          <h1
            className="uppercase flush-bottom soft-half-bottom"
            style={
              Object {
                "fontWeight": "900",
              }
            }>
            18,173
          </h1>
        </Connect(FitTextWithoutData)>
        <div
          className="floating text-center">
          <h3
            className="floating__item push-half-bottom">
            Households who gave $250 or more.
          </h3>
        </div>
      </div>
    </div>
  </div>
  <div
    className="background--light-primary soft">
    <h3
      className="text-center push-top">
      Annual Audit
    </h3>
    <p
      className="constrain-copy push-bottom">
      NewSpring is audited annually by an external accounting firm according to Generally Accepted Accounting Principles. God calls His people to live above reproach, so for us, the annual audit is a financial and spiritual responsibility (Philippians 2:15)
    </p>
    <p
      className="constrain-copy push-bottom soft-half-bottom">
      We\'ll update this section in May after the audit is complete. If you have any questions not answered here, please email us at finance@newspring.cc.
    </p>
  </div>
  <div
    className="background--primary text-center text-light-primary soft">
    <h3
      className="push-double-top">
      Keep Reading
    </h3>
    <p>
      Up next in the NewSpring 2016 Annual Report is information on Next Steps.
    </p>
    <Link
      className="btn--light push-double-bottom"
      onlyActiveOnIndex={false}
      style={Object {}}
      to="/celebrate/next-steps">
      Go To Next Steps Report
    </Link>
  </div>
</div>
`;
